[    1036ms] [ERROR] Failed to load resource: the server responded with a status of 500 (Internal Server Error) @ http://localhost:3000/:0
[    1188ms] [INFO] %cDownload the React DevTools for a better development experience: https://reactjs.org/link/react-devtools font-weight:bold @ webpack-internal:///./node_modules/react-dom/cjs/react-dom.development.js:29889
[    1213ms] Error: Cannot find module './1682.js'
Require stack:
- D:\Aleyacare Clone\homecare-pro\.next\server\webpack-runtime.js
- D:\Aleyacare Clone\homecare-pro\.next\server\app\_not-found\page.js
- D:\Aleyacare Clone\homecare-pro\node_modules\next\dist\server\require.js
- D:\Aleyacare Clone\homecare-pro\node_modules\next\dist\server\load-components.js
- D:\Aleyacare Clone\homecare-pro\node_modules\next\dist\build\utils.js
- D:\Aleyacare Clone\homecare-pro\node_modules\next\dist\server\dev\hot-middleware.js
- D:\Aleyacare Clone\homecare-pro\node_modules\next\dist\server\dev\hot-reloader-webpack.js
- D:\Aleyacare Clone\homecare-pro\node_modules\next\dist\server\lib\router-utils\setup-dev-bundler.js
- D:\Aleyacare Clone\homecare-pro\node_modules\next\dist\server\lib\router-server.js
- D:\Aleyacare Clone\homecare-pro\node_modules\next\dist\server\lib\start-server.js
    at Module.<anonymous> (node:internal/modules/cjs/loader:1421:15)
    at <unknown> (file://D:\Aleyacare Clone\homecare-pro\node_modules\next\dist\server\require-hook.js:55:36)
    at defaultResolveImpl (node:internal/modules/cjs/loader:1059:19)
    at resolveForCJSWithHooks (node:internal/modules/cjs/loader:1064:22)
    at Module._load (node:internal/modules/cjs/loader:1227:37)
    at TracingChannel.traceSync (node:diagnostics_channel:328:14)
    at wrapModuleLoad (node:internal/modules/cjs/loader:245:24)
    at Module.<anonymous> (node:internal/modules/cjs/loader:1504:12)
    at mod.require (file://D:\Aleyacare Clone\homecare-pro\node_modules\next\dist\server\require-hook.js:65:28)
    at require (node:internal/modules/helpers:152:16)
    at __webpack_require__.f.require (file://D:\Aleyacare Clone\homecare-pro\.next\server\webpack-runtime.js:198:28)
    at <unknown> (file://D:\Aleyacare Clone\homecare-pro\.next\server\webpack-runtime.js:111:40)
    at Array.reduce (<anonymous>)
    at __webpack_require__.e (file://D:\Aleyacare Clone\homecare-pro\.next\server\webpack-runtime.js:110:67)
    at Array.map (<anonymous>)
    at __webpack_require__.X (file://D:\Aleyacare Clone\homecare-pro\.next\server\webpack-runtime.js:162:22)
    at <unknown> (file://D:\Aleyacare Clone\homecare-pro\.next\server\pages\_document.js:1:340)
    at Object.<anonymous> (file://D:\Aleyacare Clone\homecare-pro\.next\server\pages\_document.js:1:383)
    at Module._compile (node:internal/modules/cjs/loader:1761:14)
    at Object..js (node:internal/modules/cjs/loader:1893:10)
    at Module.load (node:internal/modules/cjs/loader:1481:32)
    at Module._load (node:internal/modules/cjs/loader:1300:12)
    at TracingChannel.traceSync (node:diagnostics_channel:328:14)
    at wrapModuleLoad (node:internal/modules/cjs/loader:245:24)
    at Module.<anonymous> (node:internal/modules/cjs/loader:1504:12)
    at mod.require (file://D:\Aleyacare Clone\homecare-pro\node_modules\next\dist\server\require-hook.js:65:28)
    at require (node:internal/modules/helpers:152:16)
    at requirePage (file://D:\Aleyacare Clone\homecare-pro\node_modules\next\dist\server\require.js:109:84)
    at <unknown> (file://D:\Aleyacare Clone\homecare-pro\node_modules\next\dist\server\load-components.js:72:65)
    at async loadComponentsImpl (file://D:\Aleyacare Clone\homecare-pro\node_modules\next\dist\server\load-components.js:71:33)
    at async DevServer.findPageComponentsImpl (file://D:\Aleyacare Clone\homecare-pro\node_modules\next\dist\server\next-server.js:714:36)
[    1211ms] [LOG] [HMR] connected @ webpack-internal:///./node_modules/next/dist/client/components/react-dev-overlay/pages/websocket.js:38
[   45982ms] [LOG] [HMR] connected @ webpack-internal:///./node_modules/next/dist/client/components/react-dev-overlay/pages/websocket.js:38
[   47049ms] [LOG] [Fast Refresh] rebuilding @ webpack-internal:///./node_modules/next/dist/client/components/react-dev-overlay/pages/hot-reloader-client.js:221
[   48134ms] [LOG] [Fast Refresh] rebuilding @ webpack-internal:///./node_modules/next/dist/client/components/react-dev-overlay/pages/hot-reloader-client.js:221
[   48260ms] [ERROR] Failed to load resource: the server responded with a status of 404 (Not Found) @ http://localhost:3000/_next/static/webpack/cb14ad2ff1a687aa.webpack.hot-update.json:0
[   48261ms] [WARNING] [Fast Refresh] performing full reload because your application had an unrecoverable error @ webpack-internal:///./node_modules/next/dist/client/components/react-dev-overlay/pages/hot-reloader-client.js:349
[   48400ms] [LOG] [Fast Refresh] rebuilding @ webpack-internal:///./node_modules/next/dist/client/components/react-dev-overlay/pages/hot-reloader-client.js:221
[   50312ms] [WARNING] [Fast Refresh] performing full reload

Fast Refresh will perform a full reload when you edit a file that's imported by modules outside of the React rendering tree.
You might have a file which exports a React component but also exports a value that is imported by a non-React component file.
Consider migrating the non-React component export to a separate file and importing it into both files.

It is also possible the parent component of the component you edited is a class component, which disables Fast Refresh.
Fast Refresh requires at least one parent function component in your React tree. @ webpack-internal:///./node_modules/next/dist/client/components/react-dev-overlay/pages/hot-reloader-client.js:347
[   50453ms] [INFO] %cDownload the React DevTools for a better development experience: https://reactjs.org/link/react-devtools font-weight:bold @ webpack-internal:///(app-pages-browser)/./node_modules/next/dist/compiled/react-dom/cjs/react-dom.development.js:38559
[   51225ms] [LOG] [Fast Refresh] rebuilding @ webpack-internal:///(app-pages-browser)/./node_modules/next/dist/client/components/react-dev-overlay/app/hot-reloader-client.js:186
[   51380ms] [LOG] [Fast Refresh] done in 156ms @ webpack-internal:///(app-pages-browser)/./node_modules/next/dist/client/components/react-dev-overlay/app/hot-reloader-client.js:43
